2023-03-06 15:38:38,667 Hi are you guys cleear with logging?
2023-03-06 15:38:38,668 HI this is critical
2023-03-06 15:38:38,668 This is warning
2023-03-06 15:38:38,668 This is info
2023-03-06 15:38:38,668 This Is error
